C51 COMPILER V9.54   MAIN                                                                  03/24/2017 11:31:15 PAGE 1   


C51 COMPILER V9.54, COMPILATION OF MODULE MAIN
OBJECT MODULE PLACED IN .\output\main.obj
COMPILER INVOKED BY: C:\Keil_v5\C51\BIN\C51.EXE source\USER\main.c LARGE OPTIMIZE(8,SPEED) BROWSE MODC2 INCDIR(.\source\
                    -USER\A7139;.\source\USER\timer;.\source\USER\uart;.\source\USER\led;C:\Keil_v5\C51\INC\SONIX;.\source\USER\clock;.\sourc
                    -e\USER\inc;.\source\USER\rtimer;.\source\USER\cmd;.\source\USER\aodv) DEFINE(NODE_ADDR=3) DEBUG OBJECTEXTEND PRINT(.\Lis
                    -tings\main.lst) TABS(2) OBJECT(.\output\main.obj)

line level    source

   1          /************************************************/
   2          //MCU: SN8F5708
   3          //PRJ: A7139
   4          //DATE:2016-5-27
   5          /************************************************/
   6          
   7          #include <SN8F5708.h>
   8          #include <intrins.h> //for _nop_
   9          #include "A7139.h"
  10          #include "clock.h"
  11          #include "uart.h"
  12          #include "led.h"
  13          #include "rtimer.h"
  14          #include "cmd.h"
  15          #include "A7139_comm.h"
  16          
  17          //rtimer_clock_t rt_now = 0;
  18          //struct rtimer rt;
  19          
  20          
  21          //void
  22          //rt_callback(void)
  23          //{
  24          //  printf("rtimer call back\n");
  25          //  toggle_led_red;
  26          //  rt_now = RTIMER_NOW();
  27          //  rtimer_set(&rt, rt_now + 65530UL, 1,(void *) rt_callback, &rt_now);
  28          //}
  29          int main(void)
  30          {
  31   1        uint16_t id = 0;
  32   1        WDTR = 0x5A;            // clear watchdog if watchdog enable
  33   1        led_init();             //led initial
  34   1        clock_init();
  35   1        uart_init();            //uart initial 57600
  36   1        rtimer_init();
  37   1        //rt_now = RTIMER_NOW();
  38   1        //rtimer_set(&rt, rt_now + RTIMER_ARCH_SECOND*1UL, 1,(void *) rt_callback, &rt_now);
  39   1        //a7139 initial
  40   1        clock_delay_ms(10);
  41   1        init_spi_a7139();
  42   1        clock_delay_ms(10);
  43   1        aodv_init();
*** WARNING C206 IN LINE 43 OF source\USER\main.c: 'aodv_init': missing function-prototype
  44   1        
  45   1        if(A7139_Init(475.001f) != 0)
  46   1        {
  47   2          printf("a7139 initial fail!\n");
  48   2        }
  49   1        
  50   1        A7139_StrobeCmd(CMD_RX); //enter RX
  51   1        clock_delay_ms(10);
C51 COMPILER V9.54   MAIN                                                                  03/24/2017 11:31:15 PAGE 2   

  52   1        
  53   1        
  54   1        while(TRUE)
  55   1        {
  56   2            a7139_master();
  57   2            //clock_delay_ms(10);
  58   2            cmd_master();
  59   2        }
  60   1        
  61   1        return 0;
  62   1      }
*** WARNING C294 IN LINE 61 OF source\USER\main.c: unreachable code


MODULE INFORMATION:   STATIC OVERLAYABLE
   CODE SIZE        =     79    ----
   CONSTANT SIZE    =     21    ----
   XDATA SIZE       =   ----       2
   PDATA SIZE       =   ----    ----
   DATA SIZE        =   ----    ----
   IDATA SIZE       =   ----    ----
   BIT SIZE         =   ----    ----
END OF MODULE INFORMATION.


C51 COMPILATION COMPLETE.  2 WARNING(S),  0 ERROR(S)
